<!DOCTYPE html>
<head>
	<title></title>
		<meta charset="utf-8">
		<link rel="stylesheet" href="{markserv}templates/markserv.css">
		<link rel="stylesheet" href="{markserv}templates/highlight-js-github-gist.css">
		<link rel="stylesheet" href="{markserv}icons/icons.css">
	</head>
<body class="dir">
<article class="markdown-body">
<h1 class="icon folder isfolder"><a href="/tests/">tests</a>/<a href="/tests/testdir/">testdir</a>/</h1>
<ul>
	<li class="icon markdown isfile"><a href="file1.md">file1.md</a></li> 
	<li class="icon document isfile"><a href="file2.txt">file2.txt</a></li> 
</ul>

<sup><hr> Served by <a href="https://www.npmjs.com/package/markserv">MarkServ</a> | PID: 92056</sup>

</article>
</body>
